--------------------------------------------------------------------------------------
Timing Analyzer Summary
--------------------------------------------------------------------------------------

Type           : Worst-case tsu
Slack          : N/A
Required Time  : None
Actual Time    : 7.096 ns
From           : rst_in
To             : KeyboardInput:u0|Keyboard:u0|wait_times[1]
From Clock     : --
To Clock       : clk_100m
Failed Paths   : 0

Type           : Worst-case tco
Slack          : N/A
Required Time  : None
Actual Time    : 21.189 ns
From           : VGAController:vga1|hs1
To             : o_RED[1]
From Clock     : clk_100m
To Clock       : --
Failed Paths   : 0

Type           : Worst-case tpd
Slack          : N/A
Required Time  : None
Actual Time    : 3.046 ns
From           : altera_internal_jtag~TDO
To             : altera_reserved_tdo
From Clock     : --
To Clock       : --
Failed Paths   : 0

Type           : Worst-case th
Slack          : N/A
Required Time  : None
Actual Time    : 2.151 ns
From           : altera_internal_jtag~TMSUTAP
To             : sld_hub:sld_hub_inst|sld_shadow_jsm:shadow_jsm|state[12]
From Clock     : --
To Clock       : altera_internal_jtag~TCKUTAP
Failed Paths   : 0

Type           : Clock Setup: 'clk_100m'
Slack          : -73.958 ns
Required Time  : 100.00 MHz ( period = 10.000 ns )
Actual Time    : 11.91 MHz ( period = 83.958 ns )
From           : VGAController:vga1|y[0]
To             : VGAController:vga1|b1[2]
From Clock     : clk_100m
To Clock       : clk_100m
Failed Paths   : 14327

Type           : Clock Setup: 'altera_internal_jtag~TCKUTAP'
Slack          : N/A
Required Time  : None
Actual Time    : 62.37 MHz ( period = 16.034 ns )
From           : sld_hub:sld_hub_inst|virtual_ir_scan_reg
To             : sld_hub:sld_hub_inst|tdo
From Clock     : altera_internal_jtag~TCKUTAP
To Clock       : altera_internal_jtag~TCKUTAP
Failed Paths   : 0

Type           : Clock Hold: 'clk_100m'
Slack          : -4.404 ns
Required Time  : 100.00 MHz ( period = 10.000 ns )
Actual Time    : N/A
From           : rom_show:rom_show_ss_inst|altsyncram:altsyncram_component|altsyncram_3h71:auto_generated|q_a[15]
To             : game:game_show_set_strings|o_noteLevel[1]
From Clock     : clk_100m
To Clock       : clk_100m
Failed Paths   : 290

Type           : Total number of failed paths
Slack          : 
Required Time  : 
Actual Time    : 
From           : 
To             : 
From Clock     : 
To Clock       : 
Failed Paths   : 14617

--------------------------------------------------------------------------------------

