--------------------------------------------------------------------------------------
Timing Analyzer Summary
--------------------------------------------------------------------------------------

Type           : Worst-case tsu
Slack          : N/A
Required Time  : None
Actual Time    : 8.504 ns
From           : rst_in
To             : KeyboardInput:u0|Keyboard:u0|wait_times[0]
From Clock     : --
To Clock       : clk_100m
Failed Paths   : 0

Type           : Worst-case tco
Slack          : N/A
Required Time  : None
Actual Time    : 18.604 ns
From           : VGAController:vga1|vs1
To             : o_RED[1]
From Clock     : clk_100m
To Clock       : --
Failed Paths   : 0

Type           : Worst-case tpd
Slack          : N/A
Required Time  : None
Actual Time    : 3.046 ns
From           : altera_internal_jtag~TDO
To             : altera_reserved_tdo
From Clock     : --
To Clock       : --
Failed Paths   : 0

Type           : Worst-case th
Slack          : N/A
Required Time  : None
Actual Time    : 3.470 ns
From           : altera_internal_jtag~TDIUTAP
To             : sld_hub:sld_hub_inst|jtag_ir_reg[9]
From Clock     : --
To Clock       : altera_internal_jtag~TCKUTAP
Failed Paths   : 0

Type           : Clock Setup: 'clk_100m'
Slack          : -59.426 ns
Required Time  : 100.00 MHz ( period = 10.000 ns )
Actual Time    : 14.40 MHz ( period = 69.426 ns )
From           : VGAController:vga1|y[0]
To             : VGAController:vga1|g1[2]
From Clock     : clk_100m
To Clock       : clk_100m
Failed Paths   : 17606

Type           : Clock Setup: 'altera_internal_jtag~TCKUTAP'
Slack          : N/A
Required Time  : None
Actual Time    : 123.24 MHz ( period = 8.114 ns )
From           : sld_hub:sld_hub_inst|irsr_reg[2]
To             : sld_hub:sld_hub_inst|tdo
From Clock     : altera_internal_jtag~TCKUTAP
To Clock       : altera_internal_jtag~TCKUTAP
Failed Paths   : 0

Type           : Clock Hold: 'clk_100m'
Slack          : -3.603 ns
Required Time  : 100.00 MHz ( period = 10.000 ns )
Actual Time    : N/A
From           : rom_show:rom_show_inst|altsyncram:altsyncram_component|altsyncram_3h71:auto_generated|q_a[2]
To             : game:game_show|o_note_pos[1]
From Clock     : clk_100m
To Clock       : clk_100m
Failed Paths   : 186

Type           : Total number of failed paths
Slack          : 
Required Time  : 
Actual Time    : 
From           : 
To             : 
From Clock     : 
To Clock       : 
Failed Paths   : 17792

--------------------------------------------------------------------------------------

