--------------------------------------------------------------------------------------
Timing Analyzer Summary
--------------------------------------------------------------------------------------

Type           : Worst-case tsu
Slack          : N/A
Required Time  : None
Actual Time    : 19.087 ns
From           : i_key[0]
To             : cnt[30]
From Clock     : --
To Clock       : i_clk
Failed Paths   : 0

Type           : Worst-case tco
Slack          : N/A
Required Time  : None
Actual Time    : 15.251 ns
From           : r_SM_Main.s_Idle
To             : stx[1]
From Clock     : i_clk
To Clock       : --
Failed Paths   : 0

Type           : Worst-case th
Slack          : N/A
Required Time  : None
Actual Time    : -0.446 ns
From           : i_key[1]
To             : r_SM_Main.s_Play
From Clock     : --
To Clock       : i_clk
Failed Paths   : 0

Type           : Clock Setup: 'i_clk'
Slack          : N/A
Required Time  : None
Actual Time    : 29.95 MHz ( period = 33.393 ns )
From           : index[1]
To             : cnt[30]
From Clock     : i_clk
To Clock       : i_clk
Failed Paths   : 0

Type           : Total number of failed paths
Slack          : 
Required Time  : 
Actual Time    : 
From           : 
To             : 
From Clock     : 
To Clock       : 
Failed Paths   : 0

--------------------------------------------------------------------------------------

