--------------------------------------------------------------------------------------
Timing Analyzer Summary
--------------------------------------------------------------------------------------

Type           : Worst-case tco
Slack          : N/A
Required Time  : None
Actual Time    : 16.138 ns
From           : looper:i1|cntId[13][5]
To             : cntId[13][5]
From Clock     : i_clk
To Clock       : --
Failed Paths   : 0

Type           : Clock Setup: 'i_clk'
Slack          : N/A
Required Time  : None
Actual Time    : 74.04 MHz ( period = 13.506 ns )
From           : looper:i1|cntId[0][3]
To             : looper:i1|index[1]
From Clock     : i_clk
To Clock       : i_clk
Failed Paths   : 0

Type           : Total number of failed paths
Slack          : 
Required Time  : 
Actual Time    : 
From           : 
To             : 
From Clock     : 
To Clock       : 
Failed Paths   : 0

--------------------------------------------------------------------------------------

